src/middleware/auth.ts(1,10): error TS1295: ECMAScript imports and exports cannot be written in a CommonJS file under 'verbatimModuleSyntax'. Adjust the 'type' field in the nearest 'package.json' to make this file an ECMAScript module, or adjust your 'verbatimModuleSyntax', 'module', and 'moduleResolution' settings in TypeScript.
src/middleware/auth.ts(1,10): error TS1484: 'Request' is a type and must be imported using a type-only import when 'verbatimModuleSyntax' is enabled.
src/middleware/auth.ts(1,19): error TS1295: ECMAScript imports and exports cannot be written in a CommonJS file under 'verbatimModuleSyntax'. Adjust the 'type' field in the nearest 'package.json' to make this file an ECMAScript module, or adjust your 'verbatimModuleSyntax', 'module', and 'moduleResolution' settings in TypeScript.
src/middleware/auth.ts(1,19): error TS1484: 'Response' is a type and must be imported using a type-only import when 'verbatimModuleSyntax' is enabled.
src/middleware/auth.ts(1,29): error TS1295: ECMAScript imports and exports cannot be written in a CommonJS file under 'verbatimModuleSyntax'. Adjust the 'type' field in the nearest 'package.json' to make this file an ECMAScript module, or adjust your 'verbatimModuleSyntax', 'module', and 'moduleResolution' settings in TypeScript.
src/middleware/auth.ts(1,29): error TS1484: 'NextFunction' is a type and must be imported using a type-only import when 'verbatimModuleSyntax' is enabled.
src/middleware/auth.ts(2,8): error TS1295: ECMAScript imports and exports cannot be written in a CommonJS file under 'verbatimModuleSyntax'. Adjust the 'type' field in the nearest 'package.json' to make this file an ECMAScript module, or adjust your 'verbatimModuleSyntax', 'module', and 'moduleResolution' settings in TypeScript.
src/middleware/auth.ts(3,10): error TS1295: ECMAScript imports and exports cannot be written in a CommonJS file under 'verbatimModuleSyntax'. Adjust the 'type' field in the nearest 'package.json' to make this file an ECMAScript module, or adjust your 'verbatimModuleSyntax', 'module', and 'moduleResolution' settings in TypeScript.
src/middleware/auth.ts(3,10): error TS1484: 'UserRole' is a type and must be imported using a type-only import when 'verbatimModuleSyntax' is enabled.
src/middleware/auth.ts(13,1): error TS1287: A top-level 'export' modifier cannot be used on value declarations in a CommonJS module when 'verbatimModuleSyntax' is enabled.
src/middleware/auth.ts(29,1): error TS1287: A top-level 'export' modifier cannot be used on value declarations in a CommonJS module when 'verbatimModuleSyntax' is enabled.
src/middleware/auth.ts(44,1): error TS1287: A top-level 'export' modifier cannot be used on value declarations in a CommonJS module when 'verbatimModuleSyntax' is enabled.
src/models/Offer.ts(1,8): error TS1295: ECMAScript imports and exports cannot be written in a CommonJS file under 'verbatimModuleSyntax'. Adjust the 'type' field in the nearest 'package.json' to make this file an ECMAScript module, or adjust your 'verbatimModuleSyntax', 'module', and 'moduleResolution' settings in TypeScript.
src/models/Offer.ts(1,20): error TS1295: ECMAScript imports and exports cannot be written in a CommonJS file under 'verbatimModuleSyntax'. Adjust the 'type' field in the nearest 'package.json' to make this file an ECMAScript module, or adjust your 'verbatimModuleSyntax', 'module', and 'moduleResolution' settings in TypeScript.
src/models/Offer.ts(1,30): error TS1295: ECMAScript imports and exports cannot be written in a CommonJS file under 'verbatimModuleSyntax'. Adjust the 'type' field in the nearest 'package.json' to make this file an ECMAScript module, or adjust your 'verbatimModuleSyntax', 'module', and 'moduleResolution' settings in TypeScript.
src/models/Offer.ts(30,1): error TS1287: A top-level 'export' modifier cannot be used on value declarations in a CommonJS module when 'verbatimModuleSyntax' is enabled.
src/models/User.ts(1,8): error TS1295: ECMAScript imports and exports cannot be written in a CommonJS file under 'verbatimModuleSyntax'. Adjust the 'type' field in the nearest 'package.json' to make this file an ECMAScript module, or adjust your 'verbatimModuleSyntax', 'module', and 'moduleResolution' settings in TypeScript.
src/models/User.ts(1,20): error TS1295: ECMAScript imports and exports cannot be written in a CommonJS file under 'verbatimModuleSyntax'. Adjust the 'type' field in the nearest 'package.json' to make this file an ECMAScript module, or adjust your 'verbatimModuleSyntax', 'module', and 'moduleResolution' settings in TypeScript.
src/models/User.ts(1,30): error TS1295: ECMAScript imports and exports cannot be written in a CommonJS file under 'verbatimModuleSyntax'. Adjust the 'type' field in the nearest 'package.json' to make this file an ECMAScript module, or adjust your 'verbatimModuleSyntax', 'module', and 'moduleResolution' settings in TypeScript.
src/models/User.ts(27,1): error TS1287: A top-level 'export' modifier cannot be used on value declarations in a CommonJS module when 'verbatimModuleSyntax' is enabled.
src/routes/auth.ts(1,8): error TS1295: ECMAScript imports and exports cannot be written in a CommonJS file under 'verbatimModuleSyntax'. Adjust the 'type' field in the nearest 'package.json' to make this file an ECMAScript module, or adjust your 'verbatimModuleSyntax', 'module', and 'moduleResolution' settings in TypeScript.
src/routes/auth.ts(1,19): error TS1295: ECMAScript imports and exports cannot be written in a CommonJS file under 'verbatimModuleSyntax'. Adjust the 'type' field in the nearest 'package.json' to make this file an ECMAScript module, or adjust your 'verbatimModuleSyntax', 'module', and 'moduleResolution' settings in TypeScript.
src/routes/auth.ts(1,19): error TS1484: 'Request' is a type and must be imported using a type-only import when 'verbatimModuleSyntax' is enabled.
src/routes/auth.ts(1,28): error TS1295: ECMAScript imports and exports cannot be written in a CommonJS file under 'verbatimModuleSyntax'. Adjust the 'type' field in the nearest 'package.json' to make this file an ECMAScript module, or adjust your 'verbatimModuleSyntax', 'module', and 'moduleResolution' settings in TypeScript.
src/routes/auth.ts(1,28): error TS1484: 'Response' is a type and must be imported using a type-only import when 'verbatimModuleSyntax' is enabled.
src/routes/auth.ts(2,8): error TS1295: ECMAScript imports and exports cannot be written in a CommonJS file under 'verbatimModuleSyntax'. Adjust the 'type' field in the nearest 'package.json' to make this file an ECMAScript module, or adjust your 'verbatimModuleSyntax', 'module', and 'moduleResolution' settings in TypeScript.
src/routes/auth.ts(3,8): error TS1295: ECMAScript imports and exports cannot be written in a CommonJS file under 'verbatimModuleSyntax'. Adjust the 'type' field in the nearest 'package.json' to make this file an ECMAScript module, or adjust your 'verbatimModuleSyntax', 'module', and 'moduleResolution' settings in TypeScript.
src/routes/auth.ts(4,10): error TS1295: ECMAScript imports and exports cannot be written in a CommonJS file under 'verbatimModuleSyntax'. Adjust the 'type' field in the nearest 'package.json' to make this file an ECMAScript module, or adjust your 'verbatimModuleSyntax', 'module', and 'moduleResolution' settings in TypeScript.
src/routes/auth.ts(5,10): error TS1295: ECMAScript imports and exports cannot be written in a CommonJS file under 'verbatimModuleSyntax'. Adjust the 'type' field in the nearest 'package.json' to make this file an ECMAScript module, or adjust your 'verbatimModuleSyntax', 'module', and 'moduleResolution' settings in TypeScript.
src/routes/auth.ts(5,23): error TS1295: ECMAScript imports and exports cannot be written in a CommonJS file under 'verbatimModuleSyntax'. Adjust the 'type' field in the nearest 'package.json' to make this file an ECMAScript module, or adjust your 'verbatimModuleSyntax', 'module', and 'moduleResolution' settings in TypeScript.
src/routes/auth.ts(5,23): error TS1484: 'AuthRequest' is a type and must be imported using a type-only import when 'verbatimModuleSyntax' is enabled.
src/routes/auth.ts(85,1): error TS1295: ECMAScript imports and exports cannot be written in a CommonJS file under 'verbatimModuleSyntax'. Adjust the 'type' field in the nearest 'package.json' to make this file an ECMAScript module, or adjust your 'verbatimModuleSyntax', 'module', and 'moduleResolution' settings in TypeScript.
src/routes/offers.ts(1,8): error TS1295: ECMAScript imports and exports cannot be written in a CommonJS file under 'verbatimModuleSyntax'. Adjust the 'type' field in the nearest 'package.json' to make this file an ECMAScript module, or adjust your 'verbatimModuleSyntax', 'module', and 'moduleResolution' settings in TypeScript.
src/routes/offers.ts(1,19): error TS1295: ECMAScript imports and exports cannot be written in a CommonJS file under 'verbatimModuleSyntax'. Adjust the 'type' field in the nearest 'package.json' to make this file an ECMAScript module, or adjust your 'verbatimModuleSyntax', 'module', and 'moduleResolution' settings in TypeScript.
src/routes/offers.ts(1,19): error TS1484: 'Request' is a type and must be imported using a type-only import when 'verbatimModuleSyntax' is enabled.
src/routes/offers.ts(1,28): error TS1295: ECMAScript imports and exports cannot be written in a CommonJS file under 'verbatimModuleSyntax'. Adjust the 'type' field in the nearest 'package.json' to make this file an ECMAScript module, or adjust your 'verbatimModuleSyntax', 'module', and 'moduleResolution' settings in TypeScript.
src/routes/offers.ts(1,28): error TS1484: 'Response' is a type and must be imported using a type-only import when 'verbatimModuleSyntax' is enabled.
src/routes/offers.ts(2,10): error TS1295: ECMAScript imports and exports cannot be written in a CommonJS file under 'verbatimModuleSyntax'. Adjust the 'type' field in the nearest 'package.json' to make this file an ECMAScript module, or adjust your 'verbatimModuleSyntax', 'module', and 'moduleResolution' settings in TypeScript.
src/routes/offers.ts(3,10): error TS1295: ECMAScript imports and exports cannot be written in a CommonJS file under 'verbatimModuleSyntax'. Adjust the 'type' field in the nearest 'package.json' to make this file an ECMAScript module, or adjust your 'verbatimModuleSyntax', 'module', and 'moduleResolution' settings in TypeScript.
src/routes/offers.ts(3,23): error TS1295: ECMAScript imports and exports cannot be written in a CommonJS file under 'verbatimModuleSyntax'. Adjust the 'type' field in the nearest 'package.json' to make this file an ECMAScript module, or adjust your 'verbatimModuleSyntax', 'module', and 'moduleResolution' settings in TypeScript.
src/routes/offers.ts(3,36): error TS1295: ECMAScript imports and exports cannot be written in a CommonJS file under 'verbatimModuleSyntax'. Adjust the 'type' field in the nearest 'package.json' to make this file an ECMAScript module, or adjust your 'verbatimModuleSyntax', 'module', and 'moduleResolution' settings in TypeScript.
src/routes/offers.ts(3,57): error TS1295: ECMAScript imports and exports cannot be written in a CommonJS file under 'verbatimModuleSyntax'. Adjust the 'type' field in the nearest 'package.json' to make this file an ECMAScript module, or adjust your 'verbatimModuleSyntax', 'module', and 'moduleResolution' settings in TypeScript.
src/routes/offers.ts(3,57): error TS1484: 'AuthRequest' is a type and must be imported using a type-only import when 'verbatimModuleSyntax' is enabled.
src/routes/offers.ts(112,1): error TS1295: ECMAScript imports and exports cannot be written in a CommonJS file under 'verbatimModuleSyntax'. Adjust the 'type' field in the nearest 'package.json' to make this file an ECMAScript module, or adjust your 'verbatimModuleSyntax', 'module', and 'moduleResolution' settings in TypeScript.
src/server.ts(1,8): error TS1295: ECMAScript imports and exports cannot be written in a CommonJS file under 'verbatimModuleSyntax'. Adjust the 'type' field in the nearest 'package.json' to make this file an ECMAScript module, or adjust your 'verbatimModuleSyntax', 'module', and 'moduleResolution' settings in TypeScript.
src/server.ts(2,8): error TS1295: ECMAScript imports and exports cannot be written in a CommonJS file under 'verbatimModuleSyntax'. Adjust the 'type' field in the nearest 'package.json' to make this file an ECMAScript module, or adjust your 'verbatimModuleSyntax', 'module', and 'moduleResolution' settings in TypeScript.
src/server.ts(3,8): error TS1295: ECMAScript imports and exports cannot be written in a CommonJS file under 'verbatimModuleSyntax'. Adjust the 'type' field in the nearest 'package.json' to make this file an ECMAScript module, or adjust your 'verbatimModuleSyntax', 'module', and 'moduleResolution' settings in TypeScript.
src/server.ts(4,8): error TS1295: ECMAScript imports and exports cannot be written in a CommonJS file under 'verbatimModuleSyntax'. Adjust the 'type' field in the nearest 'package.json' to make this file an ECMAScript module, or adjust your 'verbatimModuleSyntax', 'module', and 'moduleResolution' settings in TypeScript.
src/server.ts(5,8): error TS1295: ECMAScript imports and exports cannot be written in a CommonJS file under 'verbatimModuleSyntax'. Adjust the 'type' field in the nearest 'package.json' to make this file an ECMAScript module, or adjust your 'verbatimModuleSyntax', 'module', and 'moduleResolution' settings in TypeScript.
src/server.ts(6,8): error TS1295: ECMAScript imports and exports cannot be written in a CommonJS file under 'verbatimModuleSyntax'. Adjust the 'type' field in the nearest 'package.json' to make this file an ECMAScript module, or adjust your 'verbatimModuleSyntax', 'module', and 'moduleResolution' settings in TypeScript.
